// Jest Snapshot v1, https://goo.gl/fbAQLP

exports[`generates predictable seeds based on a provided value 1`] = `
[
  37900,
  42791,
  17987,
  9711,
  36119,
  4555,
  115,
  37900,
  52391,
  29300,
  17508,
  17186,
  9711,
  61581,
  53623,
  28956,
  52103,
  115,
  37900,
  3274,
  51826,
  29300,
  29766,
  17987,
  17186,
  8798,
  24304,
  61581,
  36119,
  6001,
  28956,
  7352,
  47219,
  115,
  29624,
  4471,
  36336,
  9522,
  18036,
  42956,
  148,
]
`;

exports[`generates predictable seeds based on a provided value 2`] = `
[
  37900,
  42791,
  17987,
  9711,
  36119,
  4555,
  115,
  37900,
  52391,
  29300,
  17508,
  17186,
  9711,
  61581,
  53623,
  28956,
  52103,
  115,
  37900,
  3274,
  51826,
  29300,
  29766,
  17987,
  17186,
  8798,
  24304,
  61581,
  36119,
  6001,
  28956,
  7352,
  47219,
  115,
  29624,
  4471,
  36336,
  9522,
  18036,
  42956,
  148,
]
`;

exports[`generates predictable seeds based on a provided value 3`] = `
[
  26528,
  59619,
  267,
  13106,
  5197,
  29244,
  183,
  26528,
  1000,
  36407,
  28688,
  3043,
  13106,
  10260,
  17628,
  50979,
  15467,
  183,
  26528,
  41022,
  16014,
  36407,
  14081,
  267,
  3043,
  58163,
  13096,
  10260,
  5197,
  19911,
  50979,
  9158,
  50871,
  183,
  47046,
  29404,
  5160,
  13246,
  311,
  59395,
  103,
]
`;

exports[`generates predictable seeds based on a provided value 4`] = `
[
  4660,
  26505,
  4660,
  17767,
  30864,
  0,
  4660,
  13398,
  22136,
  30864,
  144,
  36984,
  17699,
]
`;
